// Jest Snapshot v1, https://goo.gl/fbAQLP

exports[`<List /> should render SearchField 1`] = `
<li>
  <div
    class="listX-content"
  >
    <img
      alt="Image by Taylor Swift"
      height="145"
      src="http://imagetaylor"
      width="145"
    />
    <span
      class="listX-title"
    >
      Taylor Swift
    </span>
    <span
      class="listX-description"
    >
      folklore
    </span>
  </div>
</li>
`;
